abcdef
abcdef
abcdef
abcdef
abcdef
abcdef
abcdef
abcdef
abcdef
abcdef
abcdef
abcdef
abcdef
abcdef
abcdef
abcdef
abcdef
abcdef
abcdef
abcdef
abcdef
abcdef
abcdef
abcdef
abcdef
abcdef
abcdef
abcdef
abcdef
abcdef
abcdef
